// Jest Snapshot v1, https://goo.gl/fbAQLP

exports[`Heading renders 1`] = `
.c0 {
  box-sizing: border-box;
  margin: 0;
  min-width: 0;
  line-height: 1.5;
  font-weight: 600;
  -webkit-letter-spacing: 0px;
  -moz-letter-spacing: 0px;
  -ms-letter-spacing: 0px;
  letter-spacing: 0px;
  font-size: 12px;
  margin-top: 8px;
  margin-bottom: 8px;
  color: red;
}

.c0::after {
  content: No heading number;
}

<h0
  class="c0"
>
   Hello OONI! 
</h0>
`;
