// Jest Snapshot v1, https://goo.gl/fbAQLP

exports[`Modal renders 1`] = `
.c1 {
  position: fixed;
  top: 50%;
  left: 50%;
  -webkit-transform: translate(-50%,-50%);
  -ms-transform: translate(-50%,-50%);
  transform: translate(-50%,-50%);
  max-width: 100vw;
  max-height: 100vh;
  overflow: auto;
  z-index: 1050;
  background-color: #f8f9fa;
  border-radius: 2px;
}

.c0 {
  position: relative;
  display: none;
}

<div
  class="c0"
>
  <div
    class="c1"
  />
</div>
`;

exports[`Modal renders with close button 1`] = `
.c2 {
  border-radius: 56px;
  display: inline-block;
  height: 70px;
  line-height: 1;
  padding-left: 56px;
  padding-right: 56px;
  text-transform: capitalize;
  vertical-align: middle;
  -webkit-tap-highlight-color: transparent;
  outline: 0;
  font-family: inherit;
  -webkit-text-decoration: none;
  text-decoration: none;
  opacity: 1;
  color: #f8f9fa;
  background-color: #0588cb;
  border: none;
  text-align: center;
  -webkit-letter-spacing: .5px;
  -moz-letter-spacing: .5px;
  -ms-letter-spacing: .5px;
  letter-spacing: .5px;
  z-index: 1;
  -webkit-transition: .2s ease-out;
  transition: .2s ease-out;
  cursor: pointer;
  font-size: 28px;
  font-size: 28px;
  border-radius: none;
  color: #adb5bd;
  background-color: transparent;
}

.c2:hover:enabled {
  border: none;
  background-color: #37a6ed;
}

.c2:active:enabled {
  -webkit-transition: .2s ease-in;
  transition: .2s ease-in;
  border: none;
  background-color: #0f77b8;
}

.c2:hover {
  background-color: transparent;
  color: #ced4da;
}

.c2:active {
  background-color: transparent;
  color: #868e96;
}

.c1 {
  position: fixed;
  top: 50%;
  left: 50%;
  -webkit-transform: translate(-50%,-50%);
  -ms-transform: translate(-50%,-50%);
  transform: translate(-50%,-50%);
  max-width: 100vw;
  max-height: 100vh;
  overflow: auto;
  z-index: 1050;
  background-color: #f8f9fa;
  border-radius: 2px;
}

.c0 {
  position: relative;
  display: none;
}

.c3 {
  position: absolute;
  top: 0;
  right: 0;
  height: 28px;
  padding: 0;
  margin: 0;
}

<div
  class="c0"
>
  <div
    class="c1"
  >
    <button
      class="c2 c3"
      font-size="3"
    >
      <svg
        fill="currentColor"
        height="1em"
        preserveAspectRatio="xMidYMid meet"
        style="vertical-align: middle;"
        viewBox="0 0 40 40"
        width="1em"
      >
        <g>
          <path
            d="m31.6 10.7l-9.3 9.3 9.3 9.3-2.3 2.3-9.3-9.3-9.3 9.3-2.3-2.3 9.3-9.3-9.3-9.3 2.3-2.3 9.3 9.3 9.3-9.3z"
          />
        </g>
      </svg>
    </button>
  </div>
</div>
`;
